app/academy/page.tsx(18,35): error TS2345: Argument of type 'readonly [{ readonly icon: ForwardRefExoticComponent<Omit<LucideProps, "ref"> & RefAttributes<SVGSVGElement>>; ... 4 more ...; readonly href: "/booking/Script-Writing"; }, ... 4 more ..., { ...; }]' is not assignable to parameter of type 'SetStateAction<any[]>'.
  The type 'readonly [{ readonly icon: ForwardRefExoticComponent<Omit<LucideProps, "ref"> & RefAttributes<SVGSVGElement>>; ... 4 more ...; readonly href: "/booking/Script-Writing"; }, ... 4 more ..., { ...; }]' is 'readonly' and cannot be assigned to the mutable type 'any[]'.
